
   FAIL  Tests\Feature\AcademicRecordTest
  Γ¿» admin can create couΓÇª 0.61s  
  Γ¿» admin can assign graΓÇª 0.03s  
  Γ¿» student can view traΓÇª 0.03s  
  ΓöÇΓöÇΓöÇΓöÇΓöÇΓöÇΓöÇΓöÇΓöÇΓöÇΓöÇΓöÇΓöÇΓöÇΓöÇΓöÇΓöÇΓöÇΓöÇΓöÇΓöÇΓöÇΓöÇΓöÇΓöÇΓöÇΓöÇΓöÇΓöÇ  
   FAΓÇª  RouteNotFoundException   
  Route [admin.courses.store] not defined.

  at vendor\laravel\framework\src\Illuminate\Routing\UrlGenerator.php:526
    522Γûò             ! is_null($url = call_user_func($this->missingNamedRouteResolver, $name, $parameters, $absolute))) {
    523Γûò             return $url;
    524Γûò         }
    525Γûò 
  Γ₧£ 526Γûò         throw new RouteNotFoundException("Route [{$name}] not defined.");
    527Γûò     }
    528Γûò 
    529Γûò     /**
    530Γûò      * Get the URL for a given route instance.

  1   vendor\laravel\framework\src\Illuminate\Routing\UrlGenerator.php:526
  2   vendor\laravel\framework\src\Illuminate\Foundation\helpers.php:871

  ΓöÇΓöÇΓöÇΓöÇΓöÇΓöÇΓöÇΓöÇΓöÇΓöÇΓöÇΓöÇΓöÇΓöÇΓöÇΓöÇΓöÇΓöÇΓöÇΓöÇΓöÇΓöÇΓöÇΓöÇΓöÇΓöÇΓöÇΓöÇΓöÇ  
   FAΓÇª  RouteNotFoundException   
  Route [admin.grades.store] not defined.

  at vendor\laravel\framework\src\Illuminate\Routing\UrlGenerator.php:526
    522Γûò             ! is_null($url = call_user_func($this->missingNamedRouteResolver, $name, $parameters, $absolute))) {
    523Γûò             return $url;
    524Γûò         }
    525Γûò 
  Γ₧£ 526Γûò         throw new RouteNotFoundException("Route [{$name}] not defined.");
    527Γûò     }
    528Γûò 
    529Γûò     /**
    530Γûò      * Get the URL for a given route instance.

  1   vendor\laravel\framework\src\Illuminate\Routing\UrlGenerator.php:526
  2   vendor\laravel\framework\src\Illuminate\Foundation\helpers.php:871

  ΓöÇΓöÇΓöÇΓöÇΓöÇΓöÇΓöÇΓöÇΓöÇΓöÇΓöÇΓöÇΓöÇΓöÇΓöÇΓöÇΓöÇΓöÇΓöÇΓöÇΓöÇΓöÇΓöÇΓöÇΓöÇΓöÇΓöÇΓöÇΓöÇ  
   FAΓÇª  RouteNotFoundException   
  Route [student.transcript] not defined.

  at vendor\laravel\framework\src\Illuminate\Routing\UrlGenerator.php:526
    522Γûò             ! is_null($url = call_user_func($this->missingNamedRouteResolver, $name, $parameters, $absolute))) {
    523Γûò             return $url;
    524Γûò         }
    525Γûò 
  Γ₧£ 526Γûò         throw new RouteNotFoundException("Route [{$name}] not defined.");
    527Γûò     }
    528Γûò 
    529Γûò     /**
    530Γûò      * Get the URL for a given route instance.

  1   vendor\laravel\framework\src\Illuminate\Routing\UrlGenerator.php:526
  2   vendor\laravel\framework\src\Illuminate\Foundation\helpers.php:871


  Tests:    3 failed (0 assertions)
  Duration: 0.93s

